\BOOKMARK [0][]{chapter.0}{\376\377\173\054\000\040\0000\000\040\172\340\000\040\121\231\127\050\122\115\227\142\166\204\213\335}{}% 1
\BOOKMARK [-1][]{part.1}{\376\377\000\040\0001\000\040\173\054\116\000\220\350\122\006\000\040\040\024\000\040\176\317\121\170\143\247\122\066\164\006\213\272\000\040}{}% 2
\BOOKMARK [0][]{chapter.1}{\376\377\173\054\000\040\0001\000\040\172\340\000\040\143\247\122\066\174\373\176\337\166\204\145\160\133\146\152\041\127\213}{part.1}% 3
\BOOKMARK [1][]{section.1.1}{\376\377\0001\000.\0001\000\040\136\372\172\313\145\160\133\146\152\041\127\213\166\204\145\271\154\325}{chapter.1}% 4
\BOOKMARK [1][]{section.1.2}{\376\377\0001\000.\0002\000\040\162\151\164\006\174\373\176\337\166\204\145\160\133\146\152\041\127\213\116\076\117\213}{chapter.1}% 5
\BOOKMARK [1][]{section.1.3}{\376\377\0001\000.\0003\000\040\000L\000a\000p\000l\000a\000c\000e\123\330\143\142}{chapter.1}% 6
\BOOKMARK [1][]{section.1.4}{\376\377\0001\000.\0004\000\040\117\040\220\022\121\375\145\160}{chapter.1}% 7
\BOOKMARK [2][]{subsection.1.4.1}{\376\377\0001\000.\0004\000.\0001\000\040\121\170\127\213\163\257\202\202\166\204\117\040\220\022\121\375\145\160}{section.1.4}% 8
\BOOKMARK [2][]{subsection.1.4.2}{\376\377\0001\000.\0004\000.\0002\000\040\174\373\176\337\145\271\150\106\126\376\152\041\127\213}{section.1.4}% 9
\BOOKMARK [2][]{subsection.1.4.3}{\376\377\0001\000.\0004\000.\0003\000\040\117\341\123\367\155\101\126\376}{section.1.4}% 10
\BOOKMARK [2][]{subsection.1.4.4}{\376\377\0001\000.\0004\000.\0004\000\040\150\205\150\356\121\154\137\017\000\050\000M\000a\000s\000o\000n\000'\000s\000\040\000f\000o\000r\000m\000u\000l\000a\000\051}{section.1.4}% 11
\BOOKMARK [0][]{chapter.2}{\376\377\173\054\000\040\0002\000\040\172\340\000\040\143\247\122\066\174\373\176\337\166\204\145\366\127\337\122\006\147\220\116\016\176\374\124\010}{part.1}% 12
\BOOKMARK [1][]{section.2.1}{\376\377\0002\000.\0001\000\040\121\170\127\213\217\223\121\145\117\341\123\367}{chapter.2}% 13
\BOOKMARK [1][]{section.2.2}{\376\377\0002\000.\0002\000\040\116\000\226\066\174\373\176\337\166\204\145\366\127\337\122\006\147\220}{chapter.2}% 14
\BOOKMARK [2][]{subsection.2.2.1}{\376\377\0002\000.\0002\000.\0001\000\040\116\000\226\066\174\373\176\337\166\204\123\125\117\115\226\066\215\303\124\315\136\224}{section.2.2}% 15
\BOOKMARK [2][]{subsection.2.2.2}{\376\377\0002\000.\0002\000.\0002\000\040\116\000\226\066\174\373\176\337\166\204\123\125\117\115\121\262\157\300\124\315\136\224}{section.2.2}% 16
\BOOKMARK [2][]{subsection.2.2.3}{\376\377\0002\000.\0002\000.\0003\000\040\116\000\226\066\174\373\176\337\166\204\123\125\117\115\145\234\127\141\124\315\136\224}{section.2.2}% 17
\BOOKMARK [1][]{section.2.3}{\376\377\0002\000.\0003\000\040\116\214\226\066\174\373\176\337\166\204\145\366\127\337\122\006\147\220}{chapter.2}% 18
\BOOKMARK [2][]{subsection.2.3.1}{\376\377\0002\000.\0003\000.\0001\000\040\116\214\226\066\174\373\176\337\166\204\123\125\117\115\226\066\215\303\124\315\136\224}{section.2.3}% 19
\BOOKMARK [3][]{subsubsection.2.3.1.1}{\376\377\0002\000.\0003\000.\0001\000.\0001\000\040\153\040\226\073\134\074\140\305\121\265\000\050\0000\000<\000<\0001\000\051}{subsection.2.3.1}% 20
\BOOKMARK [3][]{subsubsection.2.3.1.2}{\376\377\0002\000.\0003\000.\0001\000.\0002\000\040\226\366\226\073\134\074\140\305\121\265\000\050\000=\0000\000\051}{subsection.2.3.1}% 21
\BOOKMARK [3][]{subsubsection.2.3.1.3}{\376\377\0002\000.\0003\000.\0001\000.\0003\000\040\116\064\165\114\226\073\134\074\140\305\121\265\000\050\000=\000\040\0001\000\051}{subsection.2.3.1}% 22
\BOOKMARK [3][]{subsubsection.2.3.1.4}{\376\377\0002\000.\0003\000.\0001\000.\0004\000\040\217\307\226\073\134\074\140\305\121\265\000\050\000>\0001\000\051}{subsection.2.3.1}% 23
\BOOKMARK [3][]{subsubsection.2.3.1.5}{\376\377\0002\000.\0003\000.\0001\000.\0005\000\040\215\037\226\073\134\074\000\050\000-\0001\000<\000<\0000\000\051}{subsection.2.3.1}% 24
\BOOKMARK [2][]{subsection.2.3.2}{\376\377\0002\000.\0003\000.\0002\000\040\116\214\226\066\174\373\176\337\166\204\123\125\117\115\121\262\157\300\124\315\136\224}{section.2.3}% 25
\BOOKMARK [2][]{subsection.2.3.3}{\376\377\0002\000.\0003\000.\0003\000\040\116\214\226\066\174\373\176\337\166\204\123\125\117\115\145\234\127\141\124\315\136\224}{section.2.3}% 26
\BOOKMARK [1][]{section.2.4}{\376\377\0002\000.\0004\000\040\232\330\226\066\174\373\176\337\166\204\145\366\127\337\122\006\147\220}{chapter.2}% 27
\BOOKMARK [2][]{subsection.2.4.1}{\376\377\0002\000.\0004\000.\0001\000\040\232\330\226\066\174\373\176\337\166\204\226\066\215\303\124\315\136\224}{section.2.4}% 28
\BOOKMARK [2][]{subsection.2.4.2}{\376\377\0002\000.\0004\000.\0002\000\040\225\355\163\257\116\073\133\374\147\201\160\271}{section.2.4}% 29
\BOOKMARK [1][]{section.2.5}{\376\377\0002\000.\0005\000\040\145\071\125\204\143\247\122\066\174\373\176\337\122\250\140\001\140\047\200\375\166\204\145\271\154\325}{chapter.2}% 30
\BOOKMARK [2][]{subsection.2.5.1}{\376\377\0002\000.\0005\000.\0001\000\040\220\037\136\246\123\315\231\210}{section.2.5}% 31
\BOOKMARK [2][]{subsection.2.5.2}{\376\377\0002\000.\0005\000.\0002\000\040\000P\000D\143\247\122\066}{section.2.5}% 32
\BOOKMARK [0][]{chapter.3}{\376\377\173\054\000\040\0003\000\040\172\340\000\040\230\221\127\337\122\006\147\220}{part.1}% 33
\BOOKMARK [1][]{section.3.1}{\376\377\0003\000.\0001\000\040\230\221\163\207\162\171\140\047}{chapter.3}% 34
\BOOKMARK [2][]{subsection.3.1.1}{\376\377\0003\000.\0001\000.\0001\000\040\230\221\163\207\162\171\140\047\166\204\121\340\171\315\210\150\171\072\137\142\137\017}{section.3.1}% 35
\BOOKMARK [3][]{subsubsection.3.1.1.1}{\376\377\0003\000.\0001\000.\0001\000.\0001\000\040\000N\000y\000q\000u\000i\000s\000t\126\376}{subsection.3.1.1}% 36
\BOOKMARK [3][]{subsubsection.3.1.1.2}{\376\377\0003\000.\0001\000.\0001\000.\0002\000\040\000B\000o\000d\000e\126\376}{subsection.3.1.1}% 37
\BOOKMARK [0][]{chapter.4}{\376\377\173\054\000\040\0004\000\040\172\340\000\040\176\277\140\047\171\273\145\143\174\373\176\337}{part.1}% 38
\BOOKMARK [1][]{section.4.1}{\376\377\0004\000.\0001\000\040\000A\000/\000D\217\154\143\142}{chapter.4}% 39
\BOOKMARK [2][]{subsection.4.1.1}{\376\377\0004\000.\0001\000.\0001\000\040\000A\000/\000D\217\154\143\142}{section.4.1}% 40
\BOOKMARK [2][]{subsection.4.1.2}{\376\377\0004\000.\0001\000.\0002\000\040\171\273\145\143\117\341\123\367\166\204\230\221\214\061}{section.4.1}% 41
\BOOKMARK [2][]{subsection.4.1.3}{\376\377\0004\000.\0001\000.\0003\000\040\221\307\150\067\124\150\147\037\166\204\220\011\123\326}{section.4.1}% 42
\BOOKMARK [1][]{section.4.2}{\376\377\0004\000.\0002\000\040\000D\000/\000A\217\154\143\142}{chapter.4}% 43
\BOOKMARK [1][]{section.4.3}{\376\377\0004\000.\0003\000\040\000Z\123\330\143\142\116\016\000Z\123\315\123\330\143\142}{chapter.4}% 44
\BOOKMARK [2][]{subsection.4.3.1}{\376\377\0004\000.\0003\000.\0001\000\040\000Z\123\330\143\142}{section.4.3}% 45
\BOOKMARK [2][]{subsection.4.3.2}{\376\377\0004\000.\0003\000.\0002\000\040\154\102\000Z\123\330\143\142\166\204\136\070\165\050\145\271\154\325}{section.4.3}% 46
\BOOKMARK [3][]{subsubsection.4.3.2.1}{\376\377\0004\000.\0003\000.\0002\000.\0001\000\040\176\247\145\160\154\102\124\214\154\325}{subsection.4.3.2}% 47
\BOOKMARK [3][]{subsubsection.4.3.2.2}{\376\377\0004\000.\0003\000.\0002\000.\0002\000\040\220\350\122\006\122\006\137\017\154\325}{subsection.4.3.2}% 48
\BOOKMARK [3][]{subsubsection.4.3.2.3}{\376\377\0004\000.\0003\000.\0002\000.\0003\000\040\165\131\145\160\213\241\173\227\154\325}{subsection.4.3.2}% 49
\BOOKMARK [3][]{subsubsection.4.3.2.4}{\376\377\0004\000.\0003\000.\0002\000.\0004\000\040\136\070\165\050\121\375\145\160\166\204\000Z\123\330\143\142}{subsection.4.3.2}% 50
\BOOKMARK [2][]{subsection.4.3.3}{\376\377\0004\000.\0003\000.\0003\000\040\000Z\123\330\143\142\166\204\140\047\215\050\116\016\133\232\164\006}{section.4.3}% 51
\BOOKMARK [3][]{subsubsection.4.3.3.1}{\376\377\0004\000.\0003\000.\0003\000.\0001\000\040\176\277\140\047\140\047\215\050}{subsection.4.3.3}% 52
\BOOKMARK [3][]{subsubsection.4.3.3.2}{\376\377\0004\000.\0003\000.\0003\000.\0002\000\040\133\236\145\160\117\115\171\373\133\232\164\006}{subsection.4.3.3}% 53
\BOOKMARK [3][]{subsubsection.4.3.3.3}{\376\377\0004\000.\0003\000.\0003\000.\0003\000\040\122\035\120\074\133\232\164\006}{subsection.4.3.3}% 54
\BOOKMARK [3][]{subsubsection.4.3.3.4}{\376\377\0004\000.\0003\000.\0003\000.\0004\000\040\176\310\120\074\133\232\164\006}{subsection.4.3.3}% 55
\BOOKMARK [3][]{subsubsection.4.3.3.5}{\376\377\0004\000.\0003\000.\0003\000.\0005\000\040\123\167\171\357\133\232\164\006}{subsection.4.3.3}% 56
\BOOKMARK [2][]{subsection.4.3.4}{\376\377\0004\000.\0003\000.\0004\000\040\000Z\123\315\123\330\143\142}{section.4.3}% 57
\BOOKMARK [1][]{section.4.4}{\376\377\0004\000.\0004\000\040\201\011\121\262\117\040\220\022\121\375\145\160}{chapter.4}% 58
\BOOKMARK [2][]{subsection.4.4.1}{\376\377\0004\000.\0004\000.\0001\000\040\201\011\121\262\117\040\220\022\121\375\145\160\166\204\151\202\137\365}{section.4.4}% 59
\BOOKMARK [2][]{subsection.4.4.2}{\376\377\0004\000.\0004\000.\0002\000\040\116\062\200\124\163\257\202\202\166\204\201\011\121\262\117\040\220\022\121\375\145\160}{section.4.4}% 60
\BOOKMARK [3][]{subsubsection.4.4.2.1}{\376\377\0004\000.\0004\000.\0002\000.\0001\000\040\116\062\200\124\163\257\202\202\225\364\145\340\124\014\153\145\137\000\121\163}{subsection.4.4.2}% 61
\BOOKMARK [3][]{subsubsection.4.4.2.2}{\376\377\0004\000.\0004\000.\0002\000.\0002\000\040\116\062\200\124\163\257\202\202\225\364\147\011\124\014\153\145\137\000\121\163}{subsection.4.4.2}% 62
\BOOKMARK [3][]{subsubsection.4.4.2.3}{\376\377\0004\000.\0004\000.\0002\000.\0003\000\040\226\366\226\066\117\335\143\001\126\150\116\016\116\062\200\124\163\257\202\202\116\062\200\124}{subsection.4.4.2}% 63
\BOOKMARK [2][]{subsection.4.4.3}{\376\377\0004\000.\0004\000.\0003\000\040\136\070\211\301\171\273\145\143\174\373\176\337\145\271\150\106\126\376\116\016\121\166\000Z\123\330\143\142}{section.4.4}% 64
\BOOKMARK [1][]{section.4.5}{\376\377\0004\000.\0005\000\040\135\356\122\006\145\271\172\013}{chapter.4}% 65
\BOOKMARK [2][]{subsection.4.5.1}{\376\377\0004\000.\0005\000.\0001\000\040\176\277\140\047\136\070\174\373\145\160\135\356\122\006\145\271\172\013}{section.4.5}% 66
\BOOKMARK [2][]{subsection.4.5.2}{\376\377\0004\000.\0005\000.\0002\000\040\135\356\122\006\145\271\172\013\166\204\154\102\211\343}{section.4.5}% 67
\BOOKMARK [3][]{subsubsection.4.5.2.1}{\376\377\0004\000.\0005\000.\0002\000.\0001\000\040\217\355\116\343\154\325}{subsection.4.5.2}% 68
\BOOKMARK [3][]{subsubsection.4.5.2.2}{\376\377\0004\000.\0005\000.\0002\000.\0002\000\040\000Z\123\330\143\142\154\325}{subsection.4.5.2}% 69
\BOOKMARK [2][]{subsection.4.5.3}{\376\377\0004\000.\0005\000.\0003\000\040\165\061\135\356\122\006\145\271\172\013\154\102\174\373\176\337\201\011\121\262\117\040\220\022\121\375\145\160}{section.4.5}% 70
\BOOKMARK [1][]{section.4.6}{\376\377\0004\000.\0006\000\040\176\277\140\047\171\273\145\143\174\373\176\337\166\204\145\366\127\337\122\006\147\220}{chapter.4}% 71
\BOOKMARK [2][]{subsection.4.6.1}{\376\377\0004\000.\0006\000.\0001\000\040\147\201\160\271\127\050\000z\136\163\227\142\116\012\166\204\122\006\136\003\116\016\167\254\140\001\124\315\136\224}{section.4.6}% 72
\BOOKMARK [3][]{subsubsection.4.6.1.1}{\376\377\0004\000.\0006\000.\0001\000.\0001\000\040\133\236\145\160\147\201\160\271}{subsection.4.6.1}% 73
\BOOKMARK [3][]{subsubsection.4.6.1.2}{\376\377\0004\000.\0006\000.\0001\000.\0002\000\040\121\161\217\155\131\015\145\160\147\201\160\271}{subsection.4.6.1}% 74
\BOOKMARK [2][]{subsection.4.6.2}{\376\377\0004\000.\0006\000.\0002\000\040\176\277\140\047\171\273\145\143\174\373\176\337\166\204\145\366\225\364\124\315\136\224}{section.4.6}% 75
\BOOKMARK [-1][]{part.2}{\376\377\000\040\0002\000\040\173\054\116\214\220\350\122\006\000\040\040\024\000\040\163\260\116\343\143\247\122\066\164\006\213\272\000\040}{}% 76
\BOOKMARK [0][]{chapter.5}{\376\377\173\054\000\040\0005\000\040\172\340\000\040\162\266\140\001\172\172\225\364\152\041\127\213}{part.2}% 77
\BOOKMARK [1][]{section.5.1}{\376\377\0005\000.\0001\000\040\176\277\140\047\174\373\176\337\166\204\162\266\140\001\172\172\225\364\143\317\217\360}{chapter.5}% 78
\BOOKMARK [2][]{subsection.5.1.1}{\376\377\0005\000.\0001\000.\0001\000\040\176\277\140\047\174\373\176\337\166\204\162\266\140\001\172\172\225\364\143\317\217\360}{section.5.1}% 79
\BOOKMARK [2][]{subsection.5.1.2}{\376\377\0005\000.\0001\000.\0002\000\040\162\266\140\001\172\172\225\364\210\150\217\276\137\017\166\204\136\372\172\313}{section.5.1}% 80
\BOOKMARK [3][]{subsubsection.5.1.2.1}{\376\377\0005\000.\0001\000.\0002\000.\0001\000\040\116\316\174\373\176\337\145\271\150\106\126\376\136\372\172\313\162\266\140\001\172\172\225\364\210\150\217\276\137\017}{subsection.5.1.2}% 81
\BOOKMARK [3][]{subsubsection.5.1.2.2}{\376\377\0005\000.\0001\000.\0002\000.\0002\000\040\116\316\174\373\176\337\166\204\147\072\164\006\121\372\123\321\136\372\172\313\162\266\140\001\172\172\225\364\210\150\217\276\137\017}{subsection.5.1.2}% 82
\BOOKMARK [3][]{subsubsection.5.1.2.3}{\376\377\0005\000.\0001\000.\0002\000.\0003\000\040\165\061\174\373\176\337\166\204\217\223\121\145\217\223\121\372\117\040\220\022\121\163\174\373\154\102\174\373\176\337\166\204\162\266\140\001\172\172\225\364\143\317\217\360}{subsection.5.1.2}% 83
\BOOKMARK [2][]{subsection.5.1.3}{\376\377\0005\000.\0001\000.\0003\000\040\176\277\140\047\174\373\176\337\166\204\116\343\145\160\173\111\116\367}{section.5.1}% 84
\BOOKMARK [3][]{subsubsection.5.1.3.1}{\376\377\0005\000.\0001\000.\0003\000.\0001\000\040\123\026\162\266\140\001\172\172\225\364\116\072\117\040\220\022\121\375\145\160\167\351\226\065}{subsection.5.1.3}% 85
\BOOKMARK [3][]{subsubsection.5.1.3.2}{\376\377\0005\000.\0001\000.\0003\000.\0002\000\040\176\277\140\047\133\232\136\070\174\373\176\337\166\204\121\340\116\052\151\202\137\365}{subsection.5.1.3}% 86
\BOOKMARK [3][]{subsubsection.5.1.3.3}{\376\377\0005\000.\0001\000.\0003\000.\0003\000\040\116\343\145\160\173\111\116\367\174\373\176\337}{subsection.5.1.3}% 87
\BOOKMARK [3][]{subsubsection.5.1.3.4}{\376\377\0005\000.\0001\000.\0003\000.\0004\000\040\116\343\145\160\173\111\116\367\174\373\176\337\166\204\140\047\215\050}{subsection.5.1.3}% 88
\BOOKMARK [1][]{section.5.2}{\376\377\0005\000.\0002\000\040\176\277\140\047\145\366\123\330\174\373\176\337\166\204\217\320\122\250\122\006\147\220}{chapter.5}% 89
\BOOKMARK [2][]{subsection.5.2.1}{\376\377\0005\000.\0002\000.\0001\000\040\217\320\122\250\122\006\147\220\166\204\124\053\116\111}{section.5.2}% 90
\BOOKMARK [3][]{subsubsection.5.2.1.1}{\376\377\0005\000.\0002\000.\0001\000.\0001\000\040\176\277\140\047\174\373\176\337\166\204\217\320\122\250\122\006\147\220\116\016\211\343\133\130\127\050\125\057\116\000\140\047}{subsection.5.2.1}% 91
\BOOKMARK [3][]{subsubsection.5.2.1.2}{\376\377\0005\000.\0002\000.\0001\000.\0002\000\040\176\277\140\047\174\373\176\337\124\315\136\224\166\204\162\171\160\271}{subsection.5.2.1}% 92
\BOOKMARK [1][]{section.5.3}{\376\377\0005\000.\0003\000\040\176\277\140\047\133\232\136\070\174\373\176\337\166\204\122\006\147\220}{chapter.5}% 93
\BOOKMARK [2][]{subsection.5.3.1}{\376\377\0005\000.\0003\000.\0001\000\040\176\277\140\047\133\232\136\070\174\373\176\337\166\204\124\315\136\224}{section.5.3}% 94
\BOOKMARK [2][]{subsection.5.3.2}{\376\377\0005\000.\0003\000.\0002\000\040\167\351\226\065\143\007\145\160\121\375\145\160}{section.5.3}% 95
\BOOKMARK [3][]{subsubsection.5.3.2.1}{\376\377\0005\000.\0003\000.\0002\000.\0001\000\040\167\351\226\065\143\007\145\160\121\375\145\160\166\204\140\047\215\050}{subsection.5.3.2}% 96
\BOOKMARK [3][]{subsubsection.5.3.2.2}{\376\377\0005\000.\0003\000.\0002\000.\0002\000\040\167\351\226\065\143\007\145\160\121\375\145\160\166\204\154\102\123\326}{subsection.5.3.2}% 97
\BOOKMARK [2][]{subsection.5.3.3}{\376\377\0005\000.\0003\000.\0003\000\040\127\372\116\216\162\171\137\201\176\323\147\204\166\204\162\266\140\001\124\315\136\224\210\150\217\276}{section.5.3}% 98
\BOOKMARK [2][]{subsection.5.3.4}{\376\377\0005\000.\0003\000.\0004\000\040\000L\000T\000I\174\373\176\337\166\204\162\266\140\001\217\154\171\373\167\351\226\065}{section.5.3}% 99
\BOOKMARK [1][]{section.5.4}{\376\377\0005\000.\0004\000\040\171\273\145\143\174\373\176\337\162\266\140\001\172\172\225\364\122\006\147\220}{chapter.5}% 100
\BOOKMARK [2][]{subsection.5.4.1}{\376\377\0005\000.\0004\000.\0001\000\040\171\273\145\143\174\373\176\337\162\266\140\001\172\172\225\364\143\317\217\360}{section.5.4}% 101
\BOOKMARK [3][]{subsubsection.5.4.1.1}{\376\377\0005\000.\0004\000.\0001\000.\0001\000\040\171\273\145\143\174\373\176\337\162\266\140\001\172\172\225\364\166\204\154\102\154\325}{subsection.5.4.1}% 102
\BOOKMARK [2][]{subsection.5.4.2}{\376\377\0005\000.\0004\000.\0002\000\040\176\277\140\047\171\273\145\143\174\373\176\337\166\204\217\320\122\250\122\006\147\220}{section.5.4}% 103
\BOOKMARK [3][]{subsubsection.5.4.2.1}{\376\377\0005\000.\0004\000.\0002\000.\0001\000\040\162\266\140\001\210\150\217\276\137\017\166\204\154\102\211\343}{subsection.5.4.2}% 104
\BOOKMARK [3][]{subsubsection.5.4.2.2}{\376\377\0005\000.\0004\000.\0002\000.\0002\000\040\162\266\140\001\217\154\171\373\167\351\226\065\166\204\154\102\154\325}{subsection.5.4.2}% 105
\BOOKMARK [1][]{section.5.5}{\376\377\0005\000.\0005\000\040\200\375\143\247\140\047\116\016\200\375\211\302\140\047}{chapter.5}% 106
\BOOKMARK [2][]{subsection.5.5.1}{\376\377\0005\000.\0005\000.\0001\000\040\217\336\176\355\174\373\176\337\166\204\200\375\143\247\140\047}{section.5.5}% 107
\BOOKMARK [2][]{subsection.5.5.2}{\376\377\0005\000.\0005\000.\0002\000\040\174\373\176\337\200\375\143\247\140\047\122\044\143\156}{section.5.5}% 108
\BOOKMARK [2][]{subsection.5.5.3}{\376\377\0005\000.\0005\000.\0003\000\040\217\336\176\355\174\373\176\337\166\204\200\375\211\302\140\047}{section.5.5}% 109
\BOOKMARK [2][]{subsection.5.5.4}{\376\377\0005\000.\0005\000.\0004\000\040\174\373\176\337\200\375\211\302\140\047\122\044\143\156}{section.5.5}% 110
\BOOKMARK [2][]{subsection.5.5.5}{\376\377\0005\000.\0005\000.\0005\000\040\217\336\176\355\174\373\176\337\176\323\147\204\122\006\211\343}{section.5.5}% 111
\BOOKMARK [3][]{subsubsection.5.5.5.1}{\376\377\0005\000.\0005\000.\0005\000.\0001\000\040\133\371\120\166\140\047\123\237\164\006}{subsection.5.5.5}% 112
\BOOKMARK [3][]{subsubsection.5.5.5.2}{\376\377\0005\000.\0005\000.\0005\000.\0002\000\040\200\375\143\247\211\304\203\003\127\213}{subsection.5.5.5}% 113
\BOOKMARK [3][]{subsubsection.5.5.5.3}{\376\377\0005\000.\0005\000.\0005\000.\0003\000\040\200\375\211\302\211\304\203\003\127\213}{subsection.5.5.5}% 114
\BOOKMARK [3][]{subsubsection.5.5.5.4}{\376\377\0005\000.\0005\000.\0005\000.\0004\000\040\200\375\143\247\140\047\176\323\147\204\122\006\211\343}{subsection.5.5.5}% 115
\BOOKMARK [3][]{subsubsection.5.5.5.5}{\376\377\0005\000.\0005\000.\0005\000.\0005\000\040\200\375\211\302\140\047\176\323\147\204\122\006\211\343}{subsection.5.5.5}% 116
\BOOKMARK [3][]{subsubsection.5.5.5.6}{\376\377\0005\000.\0005\000.\0005\000.\0006\000\040\200\375\143\247\000+\200\375\211\302\176\323\147\204\122\006\211\343}{subsection.5.5.5}% 117
\BOOKMARK [2][]{subsection.5.5.6}{\376\377\0005\000.\0005\000.\0006\000\040\162\266\140\001\172\172\225\364\133\236\163\260}{section.5.5}% 118
\BOOKMARK [3][]{subsubsection.5.5.6.1}{\376\377\0005\000.\0005\000.\0006\000.\0001\000\040\200\375\143\247\200\375\211\302\140\047\116\016\226\366\147\201\160\271\133\371\155\210}{subsection.5.5.6}% 119
\BOOKMARK [3][]{subsubsection.5.5.6.2}{\376\377\0005\000.\0005\000.\0006\000.\0002\000\040\123\125\217\223\121\145\123\125\217\223\121\372\174\373\176\337\166\204\133\236\163\260}{subsection.5.5.6}% 120
\BOOKMARK [3][]{subsubsection.5.5.6.3}{\376\377\0005\000.\0005\000.\0006\000.\0003\000\040\147\000\134\017\133\236\163\260}{subsection.5.5.6}% 121
\BOOKMARK [2][]{subsection.5.5.7}{\376\377\0005\000.\0005\000.\0007\000\040\171\273\145\143\174\373\176\337\200\375\143\247\200\375\211\302\140\047}{section.5.5}% 122
\BOOKMARK [3][]{subsubsection.5.5.7.1}{\376\377\0005\000.\0005\000.\0007\000.\0001\000\040\171\273\145\143\174\373\176\337\200\375\143\247\140\047}{subsection.5.5.7}% 123
\BOOKMARK [3][]{subsubsection.5.5.7.2}{\376\377\0005\000.\0005\000.\0007\000.\0002\000\040\171\273\145\143\174\373\176\337\200\375\211\302\140\047}{subsection.5.5.7}% 124
\BOOKMARK [3][]{subsubsection.5.5.7.3}{\376\377\0005\000.\0005\000.\0007\000.\0003\000\040\171\273\145\143\123\026\174\373\176\337\133\371\200\375\143\247\200\375\211\302\140\047\166\204\117\335\143\001}{subsection.5.5.7}% 125
\BOOKMARK [1][]{section.5.6}{\376\377\0005\000.\0006\000\040\162\266\140\001\172\172\225\364\176\374\124\010}{chapter.5}% 126
\BOOKMARK [2][]{subsection.5.6.1}{\376\377\0005\000.\0006\000.\0001\000\040\162\266\140\001\123\315\231\210}{section.5.6}% 127
\BOOKMARK [3][]{subsubsection.5.6.1.1}{\376\377\0005\000.\0006\000.\0001\000.\0001\000\040\123\125\217\223\121\145\174\373\176\337\166\204\147\201\160\271\221\115\177\156}{subsection.5.6.1}% 128
\BOOKMARK [2][]{subsection.5.6.2}{\376\377\0005\000.\0006\000.\0002\000\040\217\223\121\372\123\315\231\210}{section.5.6}% 129
\BOOKMARK [2][]{subsection.5.6.3}{\376\377\0005\000.\0006\000.\0003\000\040\162\266\140\001\211\302\155\113\126\150}{section.5.6}% 130
\BOOKMARK [3][]{subsubsection.5.6.3.1}{\376\377\0005\000.\0006\000.\0003\000.\0001\000\040\121\150\176\364\162\266\140\001\211\302\155\113\126\150}{subsection.5.6.3}% 131
\BOOKMARK [3][]{subsubsection.5.6.3.2}{\376\377\0005\000.\0006\000.\0003\000.\0002\000\040\226\115\176\364\162\266\140\001\211\302\155\113\126\150}{subsection.5.6.3}% 132
\BOOKMARK [3][]{subsubsection.5.6.3.3}{\376\377\0005\000.\0006\000.\0003\000.\0003\000\040\127\372\116\216\211\302\155\113\126\150\166\204\162\266\140\001\123\315\231\210}{subsection.5.6.3}% 133
\BOOKMARK [-1][]{part.3}{\376\377\000\040\0003\000\040\173\054\116\011\220\350\122\006\000\040\040\024\000\040\174\373\176\337\166\204\172\063\133\232\140\047\116\016\122\006\147\220\000\040}{}% 134
\BOOKMARK [0][]{chapter.6}{\376\377\173\054\000\040\0006\000\040\172\340\000\040\174\373\176\337\166\204\172\063\133\232\140\047}{part.3}% 135
\BOOKMARK [1][]{section.6.1}{\376\377\0006\000.\0001\000\040\172\063\133\232\140\047\166\204\127\372\147\054\151\202\137\365}{chapter.6}% 136
\BOOKMARK [1][]{section.6.2}{\376\377\0006\000.\0002\000\040\176\277\140\047\133\232\136\070\174\373\176\337\172\063\133\232\166\204\121\105\211\201\147\141\116\366}{chapter.6}% 137
\BOOKMARK [1][]{section.6.3}{\376\377\0006\000.\0003\000\040\000R\000o\000u\000t\000h\172\063\133\232\122\044\143\156}{chapter.6}% 138
\BOOKMARK [1][]{section.6.4}{\376\377\0006\000.\0004\000\040\154\102\123\326\117\335\213\301\174\373\176\337\172\063\133\232\140\047\166\204\147\141\116\366}{chapter.6}% 139
\BOOKMARK [2][]{subsection.6.4.1}{\376\377\0006\000.\0004\000.\0001\000\040\170\156\133\232\147\320\116\052\123\302\145\160\166\204\123\326\120\074\203\003\126\364}{section.6.4}% 140
\BOOKMARK [2][]{subsection.6.4.2}{\376\377\0006\000.\0004\000.\0002\000\040\170\156\133\232\147\320\116\233\123\302\145\160\225\364\166\204\166\370\116\222\121\163\174\373}{section.6.4}% 141
\BOOKMARK [2][]{subsection.6.4.3}{\376\377\0006\000.\0004\000.\0003\000\040\117\335\213\301\174\373\176\337\172\063\133\232\136\166\116\024\225\355\163\257\147\201\160\271\217\334\171\273\206\132\217\164}{section.6.4}% 142
\BOOKMARK [1][]{section.6.5}{\376\377\0006\000.\0005\000\040\176\277\140\047\143\247\122\066\174\373\176\337\166\204\172\063\140\001\213\357\135\356}{chapter.6}% 143
\BOOKMARK [2][]{subsection.6.5.1}{\376\377\0006\000.\0005\000.\0001\000\040\143\247\122\066\174\373\176\337\166\204\213\357\135\356\116\016\172\063\140\001\213\357\135\356}{section.6.5}% 144
\BOOKMARK [2][]{subsection.6.5.2}{\376\377\0006\000.\0005\000.\0002\000\040\176\310\120\074\133\232\164\006\124\214\172\063\140\001\213\357\135\356\166\204\213\241\173\227}{section.6.5}% 145
\BOOKMARK [3][]{subsubsection.6.5.2.1}{\376\377\0006\000.\0005\000.\0002\000.\0001\000\040\123\125\117\115\226\066\215\303\217\223\121\145}{subsection.6.5.2}% 146
\BOOKMARK [3][]{subsubsection.6.5.2.2}{\376\377\0006\000.\0005\000.\0002\000.\0002\000\040\123\125\117\115\145\234\127\141\217\223\121\145}{subsection.6.5.2}% 147
\BOOKMARK [3][]{subsubsection.6.5.2.3}{\376\377\0006\000.\0005\000.\0002\000.\0003\000\040\123\125\117\115\122\240\220\037\136\246\217\223\121\145}{subsection.6.5.2}% 148
\BOOKMARK [2][]{subsection.6.5.3}{\376\377\0006\000.\0005\000.\0003\000\040\136\162\142\160\117\341\123\367\117\134\165\050\116\013\166\204\172\063\140\001\213\357\135\356}{section.6.5}% 149
\BOOKMARK [2][]{subsection.6.5.4}{\376\377\0006\000.\0005\000.\0004\000\040\122\250\140\001\213\357\135\356\174\373\145\160}{section.6.5}% 150
\BOOKMARK [1][]{section.6.6}{\376\377\0006\000.\0006\000\040\150\071\217\150\217\371\154\325}{chapter.6}% 151
\BOOKMARK [2][]{subsection.6.6.1}{\376\377\0006\000.\0006\000.\0001\000\040\127\372\147\054\151\202\137\365}{section.6.6}% 152
\BOOKMARK [2][]{subsection.6.6.2}{\376\377\0006\000.\0006\000.\0002\000\040\176\330\122\066\150\071\217\150\217\371\166\204\127\372\147\054\211\304\122\031}{section.6.6}% 153
\BOOKMARK [2][]{subsection.6.6.3}{\376\377\0006\000.\0006\000.\0003\000\040\150\071\217\150\217\371\154\325\122\006\147\220\143\247\122\066\174\373\176\337\140\047\200\375}{section.6.6}% 154
\BOOKMARK [2][]{subsection.6.6.4}{\376\377\0006\000.\0006\000.\0004\000\040\162\171\153\212\150\071\217\150\217\371}{section.6.6}% 155
\BOOKMARK [3][]{subsubsection.6.6.4.1}{\376\377\0006\000.\0006\000.\0004\000.\0001\000\040\153\143\123\315\231\210\174\373\176\337\166\204\150\071\217\150\217\371}{subsection.6.6.4}% 156
\BOOKMARK [3][]{subsubsection.6.6.4.2}{\376\377\0006\000.\0006\000.\0004\000.\0002\000\040\123\302\145\160\150\071\217\150\217\371}{subsection.6.6.4}% 157
\BOOKMARK [1][]{section.6.7}{\376\377\0006\000.\0007\000\040\000N\000y\000q\000u\000i\000s\000t\172\063\133\232\140\047\122\044\143\156}{chapter.6}% 158
\BOOKMARK [1][]{section.6.8}{\376\377\0006\000.\0008\000\040\133\371\145\160\172\063\133\232\122\044\143\156}{chapter.6}% 159
\BOOKMARK [1][]{section.6.9}{\376\377\0006\000.\0009\000\040\172\063\133\232\210\325\136\246}{chapter.6}% 160
\BOOKMARK [2][]{subsection.6.9.1}{\376\377\0006\000.\0009\000.\0001\000\040\166\370\211\322\210\325\136\246}{section.6.9}% 161
\BOOKMARK [2][]{subsection.6.9.2}{\376\377\0006\000.\0009\000.\0002\000\040\136\105\120\074\210\325\136\246}{section.6.9}% 162
\BOOKMARK [1][]{section.6.10}{\376\377\0006\000.\0001\0000\000\040\176\277\140\047\171\273\145\143\174\373\176\337\166\204\172\063\133\232\140\047}{chapter.6}% 163
\BOOKMARK [2][]{subsection.6.10.1}{\376\377\0006\000.\0001\0000\000.\0001\000\040\000s\136\163\227\142\122\060\000z\136\163\227\142\166\204\146\040\134\004\121\163\174\373}{section.6.10}% 164
\BOOKMARK [2][]{subsection.6.10.2}{\376\377\0006\000.\0001\0000\000.\0002\000\040\176\277\140\047\171\273\145\143\174\373\176\337\172\063\133\232\166\204\121\105\211\201\147\141\116\366}{section.6.10}% 165
\BOOKMARK [2][]{subsection.6.10.3}{\376\377\0006\000.\0001\0000\000.\0003\000\040\000R\000o\000u\000t\000h\172\063\133\232\122\044\143\156}{section.6.10}% 166
\BOOKMARK [2][]{subsection.6.10.4}{\376\377\0006\000.\0001\0000\000.\0004\000\040\176\277\140\047\171\273\145\143\174\373\176\337\166\204\172\063\140\001\213\357\135\356}{section.6.10}% 167
\BOOKMARK [3][]{subsubsection.6.10.4.1}{\376\377\0006\000.\0001\0000\000.\0004\000.\0001\000\040\172\063\140\001\213\357\135\356\116\016\172\063\140\001\213\357\135\356\176\310\120\074}{subsection.6.10.4}% 168
\BOOKMARK [3][]{subsubsection.6.10.4.2}{\376\377\0006\000.\0001\0000\000.\0004\000.\0002\000\040\172\063\140\001\213\357\135\356\174\373\145\160}{subsection.6.10.4}% 169
\BOOKMARK [3][]{subsubsection.6.10.4.3}{\376\377\0006\000.\0001\0000\000.\0004\000.\0003\000\040\122\250\140\001\213\357\135\356\174\373\145\160}{subsection.6.10.4}% 170
\BOOKMARK [1][]{section.6.11}{\376\377\0006\000.\0001\0001\000\040\162\266\140\001\172\172\225\364\116\055\174\373\176\337\166\204\172\063\133\232\140\047}{chapter.6}% 171
\BOOKMARK [2][]{subsection.6.11.1}{\376\377\0006\000.\0001\0001\000.\0001\000\040\000L\000y\000a\000p\000u\000n\000o\000v\172\063\133\232\140\047}{section.6.11}% 172
\BOOKMARK [3][]{subsubsection.6.11.1.1}{\376\377\0006\000.\0001\0001\000.\0001\000.\0001\000\040\174\373\176\337\166\204\136\163\210\141\160\271}{subsection.6.11.1}% 173
\BOOKMARK [3][]{subsubsection.6.11.1.2}{\376\377\0006\000.\0001\0001\000.\0001\000.\0002\000\040\172\063\133\232\116\016\116\000\201\364\172\063\133\232\140\047\166\204\133\232\116\111}{subsection.6.11.1}% 174
\BOOKMARK [3][]{subsubsection.6.11.1.3}{\376\377\0006\000.\0001\0001\000.\0001\000.\0003\000\040\124\070\137\025\060\001\156\020\217\321\172\063\133\232\116\016\116\000\201\364\156\020\217\321\172\063\133\232}{subsection.6.11.1}% 175
\BOOKMARK [2][]{subsection.6.11.2}{\376\377\0006\000.\0001\0001\000.\0002\000\040\201\352\154\273\174\373\176\337\000L\000y\000a\000p\000u\000n\000o\000v\172\063\133\232\140\047\166\204\127\372\147\054\133\232\164\006}{section.6.11}% 176
\BOOKMARK [3][]{subsubsection.6.11.2.1}{\376\377\0006\000.\0001\0001\000.\0002\000.\0001\000\040\150\007\221\317\121\375\145\160\166\204\133\232\123\367\140\047}{subsection.6.11.2}% 177
\BOOKMARK [3][]{subsubsection.6.11.2.2}{\376\377\0006\000.\0001\0001\000.\0002\000.\0002\000\040\000L\000y\000a\000p\000u\000n\000o\000v\172\063\133\232\140\047\166\204\221\315\211\201\133\232\164\006}{subsection.6.11.2}% 178
\BOOKMARK [2][]{subsection.6.11.3}{\376\377\0006\000.\0001\0001\000.\0003\000\040\176\277\140\047\133\232\136\070\174\373\176\337\166\204\172\063\133\232\140\047}{section.6.11}% 179
\BOOKMARK [3][]{subsubsection.6.11.3.1}{\376\377\0006\000.\0001\0001\000.\0003\000.\0001\000\040\166\364\143\245\122\044\143\156}{subsection.6.11.3}% 180
\BOOKMARK [3][]{subsubsection.6.11.3.2}{\376\377\0006\000.\0001\0001\000.\0003\000.\0002\000\040\176\277\140\047\133\232\136\070\174\373\176\337\000L\000y\000a\000p\000u\000n\000o\000v\172\063\133\232\140\047\133\232\164\006}{subsection.6.11.3}% 181
\BOOKMARK [2][]{subsection.6.11.4}{\376\377\0006\000.\0001\0001\000.\0004\000\040\176\277\140\047\133\232\136\070\171\273\145\143\174\373\176\337\156\020\217\321\172\063\133\232\140\047\166\204\122\044\122\053}{section.6.11}% 182
\BOOKMARK [-1][]{part.4}{\376\377\000\040\0004\000\040\173\054\126\333\220\350\122\006\000\040\040\024\000\040\143\247\122\066\174\373\176\337\166\204\213\276\213\241\116\016\176\374\124\010\000\040}{}% 183
\BOOKMARK [0][]{chapter.7}{\376\377\173\054\000\040\0007\000\040\172\340\000\040\143\247\122\066\174\373\176\337\166\204\140\047\200\375\143\007\150\007}{part.4}% 184
\BOOKMARK [1][]{section.7.1}{\376\377\0007\000.\0001\000\040\172\063\133\232\210\325\136\246}{chapter.7}% 185
\BOOKMARK [2][]{subsection.7.1.1}{\376\377\0007\000.\0001\000.\0001\000\040\116\214\226\066\174\373\176\337\166\204\172\063\133\232\210\325\136\246}{section.7.1}% 186
\BOOKMARK [1][]{section.7.2}{\376\377\0007\000.\0002\000\040\225\355\163\257\230\221\127\337\166\204\140\047\200\375\143\007\150\007}{chapter.7}% 187
\BOOKMARK [2][]{subsection.7.2.1}{\376\377\0007\000.\0002\000.\0001\000\040\116\214\226\066\174\373\176\337\166\204\225\355\163\257\230\221\127\337\140\047\200\375}{section.7.2}% 188
\BOOKMARK [2][]{subsection.7.2.2}{\376\377\0007\000.\0002\000.\0002\000\040\225\355\163\257\162\171\140\047\166\204\126\376\171\072\154\325\377\032\173\111\000M\127\006}{section.7.2}% 189
\BOOKMARK [1][]{section.7.3}{\376\377\0007\000.\0003\000\040\116\015\124\014\127\337\116\013\140\047\200\375\143\007\150\007\166\204\121\163\174\373}{chapter.7}% 190
\BOOKMARK [2][]{subsection.7.3.1}{\376\377\0007\000.\0003\000.\0001\000\040\225\355\163\257\230\221\127\337\143\007\150\007\124\214\137\000\163\257\230\221\127\337\143\007\150\007\116\113\225\364\166\204\121\163\174\373}{section.7.3}% 191
\BOOKMARK [2][]{subsection.7.3.2}{\376\377\0007\000.\0003\000.\0002\000\040\225\355\163\257\230\221\127\337\143\007\150\007\124\214\145\366\127\337\143\007\150\007\116\113\225\364\166\204\121\163\174\373}{section.7.3}% 192
\BOOKMARK [2][]{subsection.7.3.3}{\376\377\0007\000.\0003\000.\0003\000\040\137\000\163\257\230\221\127\337\143\007\150\007\124\214\145\366\127\337\143\007\150\007\116\113\225\364\166\204\121\163\174\373}{section.7.3}% 193
\BOOKMARK [1][]{section.7.4}{\376\377\0007\000.\0004\000\040\116\011\230\221\153\265\164\006\213\272}{chapter.7}% 194
\BOOKMARK [2][]{subsection.7.4.1}{\376\377\0007\000.\0004\000.\0001\000\040\116\011\230\221\153\265\166\204\122\022\122\006}{section.7.4}% 195
\BOOKMARK [2][]{subsection.7.4.2}{\376\377\0007\000.\0004\000.\0002\000\040\116\044\174\173\162\171\153\212\166\204\116\055\230\221\153\265}{section.7.4}% 196
\BOOKMARK [2][]{subsection.7.4.3}{\376\377\0007\000.\0004\000.\0003\000\040\116\000\116\052\213\276\213\241\124\010\164\006\166\204\174\373\176\337\166\204\116\011\230\221\153\265\166\204\211\201\154\102}{section.7.4}% 197
\BOOKMARK [2][]{subsection.7.4.4}{\376\377\0007\000.\0004\000.\0004\000\040\117\116\230\221\153\265\124\214\232\330\230\221\153\265\166\204\145\234\163\207\133\371\116\055\230\221\153\265\122\152\122\007\230\221\163\207\166\204\137\161\124\315}{section.7.4}% 198
\BOOKMARK [3][]{subsubsection.7.4.4.1}{\376\377\0007\000.\0004\000.\0004\000.\0001\000\040\117\116\230\221\153\265\133\371\116\055\230\221\153\265\122\152\122\007\230\221\163\207\166\204\137\161\124\315}{subsection.7.4.4}% 199
\BOOKMARK [3][]{subsubsection.7.4.4.2}{\376\377\0007\000.\0004\000.\0004\000.\0002\000\040\232\330\230\221\153\265\133\371\116\055\230\221\153\265\122\152\122\007\230\221\163\207\166\204\137\161\124\315}{subsection.7.4.4}% 200
\BOOKMARK [2][]{subsection.7.4.5}{\376\377\0007\000.\0004\000.\0005\000\040\137\000\163\257\130\236\166\312\123\330\123\026\133\371\166\370\117\115\210\325\136\246\166\204\137\161\124\315}{section.7.4}% 201
\BOOKMARK [0][]{chapter.8}{\376\377\173\054\000\040\0008\000\040\172\340\000\040\127\372\116\216\230\221\163\207\162\171\140\047\166\204\150\041\153\143}{part.4}% 202
\BOOKMARK [1][]{section.8.1}{\376\377\0008\000.\0001\000\040\116\062\200\124\215\205\122\115\150\041\153\143}{chapter.8}% 203
\BOOKMARK [2][]{subsection.8.1.1}{\376\377\0008\000.\0001\000.\0001\000\040\215\205\122\115\163\257\202\202\166\204\140\047\215\050}{section.8.1}% 204
\BOOKMARK [2][]{subsection.8.1.2}{\376\377\0008\000.\0001\000.\0002\000\040\123\125\176\247\215\205\122\115\150\041\153\143\166\204\213\276\213\241\155\101\172\013}{section.8.1}% 205
\BOOKMARK [3][]{subsubsection.8.1.2.1}{\376\377\0008\000.\0001\000.\0002\000.\0001\000\040\166\370\211\322\210\325\136\246\117\030\121\110\215\205\122\115\150\041\153\143\213\276\213\241}{subsection.8.1.2}% 206
\BOOKMARK [3][]{subsubsection.8.1.2.2}{\376\377\0008\000.\0001\000.\0002\000.\0002\000\040\122\152\122\007\230\221\163\207\117\030\121\110\215\205\122\115\150\041\153\143\213\276\213\241\155\101\172\013}{subsection.8.1.2}% 207
\BOOKMARK [3][]{subsubsection.8.1.2.3}{\376\377\0008\000.\0001\000.\0002\000.\0003\000\040\166\370\211\322\210\325\136\246\117\030\121\110\215\205\122\115\150\041\153\143\117\356\153\143\213\276\213\241}{subsection.8.1.2}% 208
\BOOKMARK [2][]{subsection.8.1.3}{\376\377\0008\000.\0001\000.\0003\000\040\131\032\176\247\215\205\122\115\150\041\153\143\213\276\213\241\155\101\172\013}{section.8.1}% 209
\BOOKMARK [1][]{section.8.2}{\376\377\0008\000.\0002\000\040\116\062\200\124\217\337\124\016\150\041\153\143}{chapter.8}% 210
\BOOKMARK [2][]{subsection.8.2.1}{\376\377\0008\000.\0002\000.\0001\000\040\217\337\124\016\150\041\153\143\163\257\202\202\166\204\140\047\215\050}{section.8.2}% 211
\BOOKMARK [2][]{subsection.8.2.2}{\376\377\0008\000.\0002\000.\0002\000\040\123\125\176\247\116\062\200\124\217\337\124\016\150\041\153\143\163\257\202\202\213\276\213\241\155\101\172\013}{section.8.2}% 212
\BOOKMARK [3][]{subsubsection.8.2.2.1}{\376\377\0008\000.\0002\000.\0002\000.\0001\000\040\166\370\117\115\210\325\136\246\117\030\121\110\217\337\124\016\150\041\153\143\213\276\213\241}{subsection.8.2.2}% 213
\BOOKMARK [3][]{subsubsection.8.2.2.2}{\376\377\0008\000.\0002\000.\0002\000.\0002\000\040\122\152\122\007\230\221\163\207\117\030\121\110\217\337\124\016\150\041\153\143\213\276\213\241}{subsection.8.2.2}% 214
\BOOKMARK [1][]{section.8.3}{\376\377\0008\000.\0003\000\040\116\062\200\124\217\337\124\016\000-\215\205\122\115\150\041\153\143}{chapter.8}% 215
\BOOKMARK [2][]{subsection.8.3.1}{\376\377\0008\000.\0003\000.\0001\000\040\217\337\124\016\163\257\202\202\117\030\121\110\166\204\217\337\124\016\000-\215\205\122\115\150\041\153\143\163\257\202\202\213\276\213\241}{section.8.3}% 216
\BOOKMARK [3][]{subsubsection.8.3.1.1}{\376\377\0008\000.\0003\000.\0001\000.\0001\000\040\122\152\122\007\230\221\163\207\117\030\121\110\213\276\213\241\155\101\172\013}{subsection.8.3.1}% 217
\BOOKMARK [3][]{subsubsection.8.3.1.2}{\376\377\0008\000.\0003\000.\0001\000.\0002\000\040\166\370\211\322\210\325\136\246\117\030\121\110\213\276\213\241\155\101\172\013}{subsection.8.3.1}% 218
\BOOKMARK [2][]{subsection.8.3.2}{\376\377\0008\000.\0003\000.\0002\000\040\215\205\122\115\163\257\202\202\117\030\121\110\166\204\217\337\124\016\000-\215\205\122\115\150\041\153\143\163\257\202\202\213\276\213\241}{section.8.3}% 219
\BOOKMARK [3][]{subsubsection.8.3.2.1}{\376\377\0008\000.\0003\000.\0002\000.\0001\000\040\217\337\124\016\163\257\202\202\143\320\232\330\172\063\140\001\174\276\136\246\166\204\215\205\122\115\163\257\202\202\117\030\121\110\166\204\217\337\124\016\000-\215\205\122\115\150\041\153\143\163\257\202\202\213\276\213\241}{subsection.8.3.2}% 220
\BOOKMARK [3][]{subsubsection.8.3.2.2}{\376\377\0008\000.\0003\000.\0002\000.\0002\000\040\217\337\124\016\163\257\202\202\226\115\117\116\122\152\122\007\230\221\163\207\166\204\215\205\122\115\163\257\202\202\117\030\121\110\166\204\217\337\124\016\000-\215\205\122\115\150\041\153\143\163\257\202\202\213\276\213\241}{subsection.8.3.2}% 221
\BOOKMARK [1][]{section.8.4}{\376\377\0008\000.\0004\000\040\147\037\147\033\230\221\163\207\162\171\140\047\154\325}{chapter.8}% 222
\BOOKMARK [2][]{subsection.8.4.1}{\376\377\0008\000.\0004\000.\0001\000\040\143\247\122\066\174\373\176\337\166\204\140\047\200\375\211\201\154\102}{section.8.4}% 223
\BOOKMARK [2][]{subsection.8.4.2}{\376\377\0008\000.\0004\000.\0002\000\040\133\371\116\055\230\221\153\265\166\204\213\276\213\241\145\271\154\325}{section.8.4}% 224
\BOOKMARK [3][]{subsubsection.8.4.2.1}{\376\377\0008\000.\0004\000.\0002\000.\0001\000\040\133\371\171\360\147\000\117\163\145\271\154\325\170\156\133\232\116\055\230\221\153\265}{subsection.8.4.2}% 225
\BOOKMARK [3][]{subsubsection.8.4.2.2}{\376\377\0008\000.\0004\000.\0002\000.\0002\000\040\122\152\122\007\230\221\163\207\225\031\117\115\170\156\133\232\116\055\230\221\153\265}{subsection.8.4.2}% 226
\BOOKMARK [3][]{subsubsection.8.4.2.3}{\376\377\0008\000.\0004\000.\0002\000.\0003\000\040\147\000\134\017\134\360\120\074\154\325\170\156\133\232\116\055\230\221\153\265}{subsection.8.4.2}% 227
\BOOKMARK [2][]{subsection.8.4.3}{\376\377\0008\000.\0004\000.\0003\000\040\147\037\147\033\230\221\163\207\162\171\140\047\154\325\166\204\213\276\213\241\153\145\232\244}{section.8.4}% 228
\BOOKMARK [1][]{section.8.5}{\376\377\0008\000.\0005\000\040\123\315\231\210\150\041\153\143}{chapter.8}% 229
\BOOKMARK [2][]{subsection.8.5.1}{\376\377\0008\000.\0005\000.\0001\000\040\123\315\231\210\150\041\153\143\166\204\122\237\200\375}{section.8.5}% 230
\BOOKMARK [2][]{subsection.8.5.2}{\376\377\0008\000.\0005\000.\0002\000\040\123\315\231\210\150\041\153\143\166\204\213\276\213\241}{section.8.5}% 231
\BOOKMARK [3][]{subsubsection.8.5.2.1}{\376\377\0008\000.\0005\000.\0002\000.\0001\000\040\213\276\213\241\164\006\137\365}{subsection.8.5.2}% 232
\BOOKMARK [3][]{subsubsection.8.5.2.2}{\376\377\0008\000.\0005\000.\0002\000.\0002\000\040\213\276\213\241\155\101\172\013}{subsection.8.5.2}% 233
\BOOKMARK [0][]{chapter.9}{\376\377\173\054\000\040\0009\000\040\172\340\000\040\127\372\116\216\150\071\217\150\217\371\166\204\150\041\153\143}{part.4}% 234
\BOOKMARK [1][]{section.9.1}{\376\377\0009\000.\0001\000\040\127\372\147\054\140\035\140\363}{chapter.9}% 235
\BOOKMARK [2][]{subsection.9.1.1}{\376\377\0009\000.\0001\000.\0001\000\040\140\047\200\375\143\007\150\007\166\204\217\154\143\142}{section.9.1}% 236
\BOOKMARK [2][]{subsection.9.1.2}{\376\377\0009\000.\0001\000.\0002\000\040\226\366\147\201\160\271\133\371\150\071\217\150\217\371\166\204\137\161\124\315}{section.9.1}% 237
\BOOKMARK [2][]{subsection.9.1.3}{\376\377\0009\000.\0001\000.\0003\000\040\215\205\122\115\163\257\202\202}{section.9.1}% 238
\BOOKMARK [1][]{section.9.2}{\376\377\0009\000.\0002\000\040\215\205\122\115\150\041\153\143\163\257\202\202\213\276\213\241}{chapter.9}% 239
\BOOKMARK [2][]{subsection.9.2.1}{\376\377\0009\000.\0002\000.\0001\000\040\217\337\124\016\150\041\153\143\163\257\202\202\213\276\213\241}{section.9.2}% 240
\BOOKMARK [2][]{subsection.9.2.2}{\376\377\0009\000.\0002\000.\0002\000\040\217\337\124\016\000-\215\205\122\115\150\041\153\143\163\257\202\202\166\204\213\276\213\241}{section.9.2}% 241
\BOOKMARK [2][]{subsection.9.2.3}{\376\377\0009\000.\0002\000.\0003\000\040\123\315\231\210\150\041\153\143\166\204\213\276\213\241}{section.9.2}% 242
\BOOKMARK [0][]{chapter.10}{\376\377\173\054\000\040\0001\0000\000\040\172\340\000\040\000P\000I\000D\143\247\122\066\126\150}{part.4}% 243
\BOOKMARK [1][]{section.10.1}{\376\377\0001\0000\000.\0001\000\040\000P\000I\000D\143\247\122\066\126\150\151\202\217\360\116\016\121\166\127\372\147\054\117\134\165\050}{chapter.10}% 244
\BOOKMARK [2][]{subsection.10.1.1}{\376\377\0001\0000\000.\0001\000.\0001\000\040\153\324\117\213\143\247\122\066\126\150}{section.10.1}% 245
\BOOKMARK [2][]{subsection.10.1.2}{\376\377\0001\0000\000.\0001\000.\0002\000\040\000P\000D\143\247\122\066\126\150}{section.10.1}% 246
\BOOKMARK [2][]{subsection.10.1.3}{\376\377\0001\0000\000.\0001\000.\0003\000\040\000P\000I\143\247\122\066\126\150}{section.10.1}% 247
\BOOKMARK [2][]{subsection.10.1.4}{\376\377\0001\0000\000.\0001\000.\0004\000\040\000P\000I\000D\143\247\122\066\126\150}{section.10.1}% 248
\BOOKMARK [1][]{section.10.2}{\376\377\0001\0000\000.\0002\000\040\000P\000I\000D\123\302\145\160\145\164\133\232}{chapter.10}% 249
\BOOKMARK [2][]{subsection.10.2.1}{\376\377\0001\0000\000.\0002\000.\0001\000\040\122\250\140\001\124\315\136\224\154\325}{section.10.2}% 250
\BOOKMARK [2][]{subsection.10.2.2}{\376\377\0001\0000\000.\0002\000.\0002\000\040\116\064\165\114\130\236\166\312\154\325}{section.10.2}% 251
\BOOKMARK [1][]{section.10.3}{\376\377\0001\0000\000.\0003\000\040\171\273\145\143\000P\000I\000D}{chapter.10}% 252
\BOOKMARK [0][]{chapter.11}{\376\377\173\054\000\040\0001\0001\000\040\172\340\000\040\171\273\145\143\174\373\176\337\166\204\150\041\153\143}{part.4}% 253
\BOOKMARK [1][]{section.11.1}{\376\377\0001\0001\000.\0001\000\040\152\041\142\337\123\026\213\276\213\241}{chapter.11}% 254
\BOOKMARK [2][]{subsection.11.1.1}{\376\377\0001\0001\000.\0001\000.\0001\000\040\150\041\153\143\140\035\215\357}{section.11.1}% 255
\BOOKMARK [2][]{subsection.11.1.2}{\376\377\0001\0001\000.\0001\000.\0002\000\040\217\336\176\355\143\247\122\066\126\150\166\204\171\273\145\143\123\026\145\271\154\325}{section.11.1}% 256
\BOOKMARK [3][]{subsubsection.11.1.2.1}{\376\377\0001\0001\000.\0001\000.\0002\000.\0001\000\040\226\066\215\303\124\315\136\224\116\015\123\330\154\325}{subsection.11.1.2}% 257
\BOOKMARK [3][]{subsubsection.11.1.2.2}{\376\377\0001\0001\000.\0001\000.\0002\000.\0002\000\040\146\377\143\142\154\325}{subsection.11.1.2}% 258
\BOOKMARK [1][]{section.11.2}{\376\377\0001\0001\000.\0002\000\040\171\273\145\143\123\026\213\276\213\241}{chapter.11}% 259
\BOOKMARK [2][]{subsection.11.2.1}{\376\377\0001\0001\000.\0002\000.\0001\000\040\213\276\213\241\140\035\215\357}{section.11.2}% 260
\BOOKMARK [3][]{subsubsection.11.2.1.1}{\376\377\0001\0001\000.\0002\000.\0001\000.\0001\000\040\136\177\116\111\201\011\121\262\117\040\220\022\121\375\145\160\116\015\124\053\176\257\136\366\217\337\163\257\202\202\124\214\123\125\117\115\127\006\116\012\124\214\127\006\131\026\166\204\226\366\147\201\160\271}{subsection.11.2.1}% 261
\BOOKMARK [3][]{subsubsection.11.2.1.2}{\376\377\0001\0001\000.\0002\000.\0001\000.\0002\000\040\136\177\116\111\201\011\121\262\117\040\220\022\121\375\145\160\147\011\176\257\136\366\217\337\163\257\202\202}{subsection.11.2.1}% 262
\BOOKMARK [3][]{subsubsection.11.2.1.3}{\376\377\0001\0001\000.\0002\000.\0001\000.\0003\000\040\136\177\116\111\201\011\121\262\117\040\220\022\121\375\145\160\124\053\147\011\123\125\117\115\127\006\116\012\124\214\127\006\131\026\166\204\226\366\147\201\160\271}{subsection.11.2.1}% 263
\BOOKMARK [3][]{subsubsection.11.2.1.4}{\376\377\0001\0001\000.\0002\000.\0001\000.\0004\000\040\147\000\134\021\142\315\174\373\176\337\116\247\165\037\176\271\154\342\166\204\123\237\126\340}{subsection.11.2.1}% 264
\BOOKMARK [-1][]{part.5}{\376\377\000\040\0005\000\040\173\054\116\224\220\350\122\006\000\040\040\024\000\040\227\136\176\277\140\047\174\373\176\337\000\040}{}% 265
\BOOKMARK [0][]{chapter.12}{\376\377\173\054\000\040\0001\0002\000\040\172\340\000\040\227\136\176\277\140\047\143\247\122\066\174\373\176\337\122\006\147\220}{part.5}% 266
\BOOKMARK [1][]{section.12.1}{\376\377\0001\0002\000.\0001\000\040\227\136\176\277\140\047\162\171\140\047}{chapter.12}% 267
\BOOKMARK [2][]{subsection.12.1.1}{\376\377\0001\0002\000.\0001\000.\0001\000\040\227\136\176\277\140\047\162\171\160\271}{section.12.1}% 268
\BOOKMARK [2][]{subsection.12.1.2}{\376\377\0001\0002\000.\0001\000.\0002\000\040\121\170\127\213\227\136\176\277\140\047\162\171\140\047}{section.12.1}% 269
\BOOKMARK [3][]{subsubsection.12.1.2.1}{\376\377\0001\0002\000.\0001\000.\0002\000.\0001\000\040\231\161\124\214\162\171\140\047}{subsection.12.1.2}% 270
\BOOKMARK [3][]{subsubsection.12.1.2.2}{\376\377\0001\0002\000.\0001\000.\0002\000.\0002\000\040\153\173\123\072\162\171\140\047}{subsection.12.1.2}% 271
\BOOKMARK [3][]{subsubsection.12.1.2.3}{\376\377\0001\0002\000.\0001\000.\0002\000.\0003\000\040\156\336\163\257\162\171\140\047}{subsection.12.1.2}% 272
\BOOKMARK [3][]{subsubsection.12.1.2.4}{\376\377\0001\0002\000.\0001\000.\0002\000.\0004\000\040\176\347\165\065\162\171\140\047}{subsection.12.1.2}% 273
\BOOKMARK [3][]{subsubsection.12.1.2.5}{\376\377\0001\0002\000.\0001\000.\0002\000.\0005\000\040\123\330\130\236\166\312\162\171\140\047}{subsection.12.1.2}% 274
\BOOKMARK [1][]{section.12.2}{\376\377\0001\0002\000.\0002\000\040\143\317\217\360\121\375\145\160\154\325}{chapter.12}% 275
\BOOKMARK [2][]{subsection.12.2.1}{\376\377\0001\0002\000.\0002\000.\0001\000\040\121\170\127\213\227\136\176\277\140\047\162\171\140\047\166\204\143\317\217\360\121\375\145\160}{section.12.2}% 276
\BOOKMARK [3][]{subsubsection.12.2.1.1}{\376\377\0001\0002\000.\0002\000.\0001\000.\0001\000\040\164\006\140\363\176\347\165\065\162\171\140\047}{subsection.12.2.1}% 277
\BOOKMARK [3][]{subsubsection.12.2.1.2}{\376\377\0001\0002\000.\0002\000.\0001\000.\0002\000\040\153\173\123\072\162\171\140\047}{subsection.12.2.1}% 278
\BOOKMARK [3][]{subsubsection.12.2.1.3}{\376\377\0001\0002\000.\0002\000.\0001\000.\0003\000\040\231\161\124\214\162\171\140\047}{subsection.12.2.1}% 279
\BOOKMARK [3][]{subsubsection.12.2.1.4}{\376\377\0001\0002\000.\0002\000.\0001\000.\0004\000\040\156\336\163\257\162\171\140\047}{subsection.12.2.1}% 280
\BOOKMARK [3][]{subsubsection.12.2.1.5}{\376\377\0001\0002\000.\0002\000.\0001\000.\0005\000\040\176\347\165\065\162\171\140\047}{subsection.12.2.1}% 281
\BOOKMARK [2][]{subsection.12.2.2}{\376\377\0001\0002\000.\0002\000.\0002\000\040\176\304\124\010\227\136\176\277\140\047\166\204\143\317\217\360\121\375\145\160}{section.12.2}% 282
\BOOKMARK [3][]{subsubsection.12.2.2.1}{\376\377\0001\0002\000.\0002\000.\0002\000.\0001\000\040\227\136\176\277\140\047\136\166\200\124\123\340\122\240}{subsection.12.2.2}% 283
\BOOKMARK [3][]{subsubsection.12.2.2.2}{\376\377\0001\0002\000.\0002\000.\0002\000.\0002\000\040\227\136\176\277\140\047\116\062\200\124\123\340\122\240}{subsection.12.2.2}% 284
\BOOKMARK [2][]{subsection.12.2.3}{\376\377\0001\0002\000.\0002\000.\0003\000\040\227\136\176\277\140\047\174\373\176\337\166\204\172\063\133\232\140\047}{section.12.2}% 285
\BOOKMARK [1][]{section.12.3}{\376\377\0001\0002\000.\0003\000\040\166\370\136\163\227\142\154\325}{chapter.12}% 286
\BOOKMARK [2][]{subsection.12.3.1}{\376\377\0001\0002\000.\0003\000.\0001\000\040\166\370\136\163\227\142\154\325\166\204\127\372\147\054\151\202\137\365}{section.12.3}% 287
\BOOKMARK [2][]{subsection.12.3.2}{\376\377\0001\0002\000.\0003\000.\0002\000\040\166\370\217\150\217\371\166\204\176\330\122\066}{section.12.3}% 288
\BOOKMARK [3][]{subsubsection.12.3.2.1}{\376\377\0001\0002\000.\0003\000.\0002\000.\0001\000\040\211\343\147\220\154\325}{subsection.12.3.2}% 289
\BOOKMARK [3][]{subsubsection.12.3.2.2}{\376\377\0001\0002\000.\0003\000.\0002\000.\0002\000\040\173\111\120\076\176\277\154\325}{subsection.12.3.2}% 290
\BOOKMARK [3][]{subsubsection.12.3.2.3}{\376\377\0001\0002\000.\0003\000.\0002\000.\0003\000\040\176\277\140\047\116\214\226\066\174\373\176\337\166\204\166\370\217\150\217\371}{subsection.12.3.2}% 291
\BOOKMARK [3][]{subsubsection.12.3.2.4}{\376\377\0001\0002\000.\0003\000.\0002\000.\0004\000\040\227\136\176\277\140\047\174\373\176\337\166\204\166\370\217\150\217\371}{subsection.12.3.2}% 292
